#-----------------------------------------------------------
# Vivado v2018.3 (64-bit)
# SW Build 2405991 on Thu Dec  6 23:38:27 MST 2018
# IP Build 2404404 on Fri Dec  7 01:43:56 MST 2018
# Start of session at: Thu Jun 19 14:36:18 2025
# Process ID: 18056
# Current directory: C:/Users/dell/Desktop/42/2D_FFT_0_final
# Command line: vivado.exe -gui_launcher_event rodinguilauncherevent27912 C:\Users\dell\Desktop\42\2D_FFT_0_final\dma_test.xpr
# Log file: C:/Users/dell/Desktop/42/2D_FFT_0_final/vivado.log
# Journal file: C:/Users/dell/Desktop/42/2D_FFT_0_final\vivado.jou
#-----------------------------------------------------------
start_gui
open_project C:/Users/dell/Desktop/42/2D_FFT_0_final/dma_test.xpr
Scanning sources...
Finished scanning sources
INFO: [IP_Flow 19-234] Refreshing IP repositories
INFO: [IP_Flow 19-1704] No user IP repositories specified
INFO: [IP_Flow 19-2313] Loaded Vivado IP repository 'C:/Xilinx/Vivado/2018.3/data/ip'.
open_project: Time (s): cpu = 00:00:15 ; elapsed = 00:00:10 . Memory (MB): peak = 931.082 ; gain = 245.293
update_compile_order -fileset sources_1
reset_run synth_1
launch_runs impl_1 -to_step write_bitstream -jobs 16
INFO: [Vivado 12-4149] The synthesis checkpoint for IP 'C:/Users/dell/Desktop/42/2D_FFT_0_final/dma_test.srcs/sources_1/ip/xfft_1/xfft_1.xci' is already up-to-date
INFO: [Vivado 12-4149] The synthesis checkpoint for IP 'C:/Users/dell/Desktop/42/2D_FFT_0_final/dma_test.srcs/sources_1/ip/xfft_0/xfft_0.xci' is already up-to-date
[Thu Jun 19 14:36:58 2025] Launched synth_1...
Run output will be captured here: C:/Users/dell/Desktop/42/2D_FFT_0_final/dma_test.runs/synth_1/runme.log
[Thu Jun 19 14:36:58 2025] Launched impl_1...
Run output will be captured here: C:/Users/dell/Desktop/42/2D_FFT_0_final/dma_test.runs/impl_1/runme.log
file copy -force C:/Users/dell/Desktop/42/2D_FFT_0_final/dma_test.runs/impl_1/top_wrapper.sysdef C:/Users/dell/Desktop/42/2D_FFT_0_final/dma_test.sdk/top_wrapper.hdf

launch_sdk -workspace C:/Users/dell/Desktop/42/2D_FFT_0_final/dma_test.sdk -hwspec C:/Users/dell/Desktop/42/2D_FFT_0_final/dma_test.sdk/top_wrapper.hdf
INFO: [Vivado 12-393] Launching SDK...
INFO: [Vivado 12-417] Running xsdk -workspace C:/Users/dell/Desktop/42/2D_FFT_0_final/dma_test.sdk -hwspec C:/Users/dell/Desktop/42/2D_FFT_0_final/dma_test.sdk/top_wrapper.hdf
INFO: [Vivado 12-3157] SDK launch initiated. Please check console for any further messages.
exit
INFO: [Common 17-206] Exiting Vivado at Thu Jun 19 15:09:09 2025...
